// Bun Snapshot v1, https://goo.gl/fbAQLP

exports[`callHandler should handle errors returned during contract call 1`] = `
[
  [EvmRevertError: revert

Docs: https://tevm.sh/reference/tevm/errors/classes/reverterror/
Details: {"error":"revert","errorType":"EvmError"}
Version: 1.1.0.next-73],
]
`;
